<html>
<body>
<pre>
<h1>µVision Build Log</h1>
<h2>Tool Versions:</h2>
IDE-Version: ¦ÌVision V5.25.2.0
Copyright (C) 2018 ARM Ltd and ARM Germany GmbH. All rights reserved.
License Information: 1 1, 1, LIC=9WSKC-7BW4I-X76RZ-JRSNA-9XMRC-H6UJQ
 
Tool Versions:
Toolchain:       MDK-ARM Plus  Version: 5.25.2.0
Toolchain Path:  E:\soft\software\Keil5\core\ARM\ARMCC\Bin
C Compiler:      Armcc.exe V5.06 update 6 (build 750)
Assembler:       Armasm.exe V5.06 update 6 (build 750)
Linker/Locator:  ArmLink.exe V5.06 update 6 (build 750)
Library Manager: ArmAr.exe V5.06 update 6 (build 750)
Hex Converter:   FromElf.exe V5.06 update 6 (build 750)
CPU DLL:         SARMCM3.DLL V5.25.2.0
Dialog DLL:      DARMSTM.DLL V1.68.0.0
Target DLL:      CMSIS_AGDI.dll V1.29.10.0
Dialog DLL:      TARMSTM.DLL V1.66.0.0
 
<h2>Project:</h2>
E:\date\Project\Hal\Blance_vecile\blance_v1_2\USER\MPU6050.uvprojx
Project File Date:  05/30/2023

<h2>Output:</h2>
*** Using Compiler 'V5.06 update 6 (build 750)', folder: 'E:\soft\software\Keil5\core\ARM\ARMCC\Bin'
Build target 'MPU6050'
compiling stm32f10x_it.c...
..\HARDWARE\SYSTICK\bsp_systick.h(7): warning:  #1-D: last line of file ends without a newline
  #endif	/*__BSP_SYSTICK_H*/
..\HARDWARE\TIM\timer.h(65): warning:  #1-D: last line of file ends without a newline
  #endif
..\HARDWARE\SPEED\bsp_speed.h(18): warning:  #1-D: last line of file ends without a newline
  #endif
..\HARDWARE\Ctrl\ctrl.h(19): warning:  #1-D: last line of file ends without a newline
  #endif
stm32f10x_it.c: 4 warnings, 0 errors
linking...
Program Size: Code=29888 RO-data=3992 RW-data=200 ZI-data=1648  
FromELF: creating hex file...
"..\OBJ\MPU6050.axf" - 0 Error(s), 4 Warning(s).

<h2>Software Packages used:</h2>

Package Vendor: Keil
                http://www.keil.com/pack/Keil.STM32F1xx_DFP.2.1.0.pack
                Keil.STM32F1xx_DFP.2.1.0
                STMicroelectronics STM32F1 Series Device Support, Drivers and Examples

<h2>Collection of Component include folders:</h2>
  .\RTE\_MPU6050
  E:\soft\software\Keil5\pack\Keil\STM32F1xx_DFP\2.1.0\Device\Include

<h2>Collection of Component Files used:</h2>
Build Time Elapsed:  00:00:00
</pre>
</body>
</html>
